cached 1/180: 00_BN1-129-Eb_comp
cached 2/180: 00_BN1-147-Gb_comp
cached 3/180: 00_BN2-131-B_comp
cached 4/180: 00_BN2-166-Ab_comp
cached 5/180: 00_BN3-119-G_comp
cached 6/180: 00_BN3-154-E_comp
cached 7/180: 00_Funk1-114-Ab_comp
cached 8/180: 00_Funk1-97-C_comp
cached 9/180: 00_Funk2-108-Eb_comp
cached 10/180: 00_Funk2-119-G_comp
cached 11/180: 00_Funk3-112-C#_comp
cached 12/180: 00_Funk3-98-A_comp
cached 13/180: 00_Jazz1-130-D_comp
cached 14/180: 00_Jazz1-200-B_comp
cached 15/180: 00_Jazz2-110-Bb_comp
cached 16/180: 00_Jazz2-187-F#_comp
cached 17/180: 00_Jazz3-137-Eb_comp
cached 18/180: 00_Jazz3-150-C_comp
cached 19/180: 00_Rock1-130-A_comp
cached 20/180: 00_Rock1-90-C#_comp
cached 21/180: 00_Rock2-142-D_comp
cached 22/180: 00_Rock2-85-F_comp
cached 23/180: 00_Rock3-117-Bb_comp
cached 24/180: 00_Rock3-148-C_comp
cached 25/180: 00_SS1-100-C#_comp
cached 26/180: 00_SS1-68-E_comp
cached 27/180: 00_SS2-107-Ab_comp
cached 28/180: 00_SS2-88-F_comp
cached 29/180: 00_SS3-84-Bb_comp
cached 30/180: 00_SS3-98-C_comp
cached 31/180: 01_BN1-129-Eb_comp
cached 32/180: 01_BN1-147-Gb_comp
cached 33/180: 01_BN2-131-B_comp
cached 34/180: 01_BN2-166-Ab_comp
cached 35/180: 01_BN3-119-G_comp
cached 36/180: 01_BN3-154-E_comp
cached 37/180: 01_Funk1-114-Ab_comp
cached 38/180: 01_Funk1-97-C_comp
cached 39/180: 01_Funk2-108-Eb_comp
cached 40/180: 01_Funk2-119-G_comp
cached 41/180: 01_Funk3-112-C#_comp
cached 42/180: 01_Funk3-98-A_comp
cached 43/180: 01_Jazz1-130-D_comp
cached 44/180: 01_Jazz1-200-B_comp
cached 45/180: 01_Jazz2-110-Bb_comp
cached 46/180: 01_Jazz2-187-F#_comp
cached 47/180: 01_Jazz3-137-Eb_comp
cached 48/180: 01_Jazz3-150-C_comp
cached 49/180: 01_Rock1-130-A_comp
cached 50/180: 01_Rock1-90-C#_comp
cached 51/180: 01_Rock2-142-D_comp
cached 52/180: 01_Rock2-85-F_comp
cached 53/180: 01_Rock3-117-Bb_comp
cached 54/180: 01_Rock3-148-C_comp
cached 55/180: 01_SS1-100-C#_comp
cached 56/180: 01_SS1-68-E_comp
cached 57/180: 01_SS2-107-Ab_comp
cached 58/180: 01_SS2-88-F_comp
cached 59/180: 01_SS3-84-Bb_comp
cached 60/180: 01_SS3-98-C_comp
cached 61/180: 02_BN1-129-Eb_comp
cached 62/180: 02_BN1-147-Gb_comp
cached 63/180: 02_BN2-131-B_comp
cached 64/180: 02_BN2-166-Ab_comp
cached 65/180: 02_BN3-119-G_comp
cached 66/180: 02_BN3-154-E_comp
cached 67/180: 02_Funk1-114-Ab_comp
cached 68/180: 02_Funk1-97-C_comp
cached 69/180: 02_Funk2-108-Eb_comp
cached 70/180: 02_Funk2-119-G_comp
cached 71/180: 02_Funk3-112-C#_comp
cached 72/180: 02_Funk3-98-A_comp
cached 73/180: 02_Jazz1-130-D_comp
cached 74/180: 02_Jazz1-200-B_comp
cached 75/180: 02_Jazz2-110-Bb_comp
cached 76/180: 02_Jazz2-187-F#_comp
cached 77/180: 02_Jazz3-137-Eb_comp
cached 78/180: 02_Jazz3-150-C_comp
cached 79/180: 02_Rock1-130-A_comp
cached 80/180: 02_Rock1-90-C#_comp
cached 81/180: 02_Rock2-142-D_comp
cached 82/180: 02_Rock2-85-F_comp
cached 83/180: 02_Rock3-117-Bb_comp
cached 84/180: 02_Rock3-148-C_comp
cached 85/180: 02_SS1-100-C#_comp
cached 86/180: 02_SS1-68-E_comp
cached 87/180: 02_SS2-107-Ab_comp
cached 88/180: 02_SS2-88-F_comp
cached 89/180: 02_SS3-84-Bb_comp
cached 90/180: 02_SS3-98-C_comp
cached 91/180: 03_BN1-129-Eb_comp
cached 92/180: 03_BN1-147-Gb_comp
cached 93/180: 03_BN2-131-B_comp
cached 94/180: 03_BN2-166-Ab_comp
cached 95/180: 03_BN3-119-G_comp
cached 96/180: 03_BN3-154-E_comp
cached 97/180: 03_Funk1-114-Ab_comp
cached 98/180: 03_Funk1-97-C_comp
cached 99/180: 03_Funk2-108-Eb_comp
cached 100/180: 03_Funk2-119-G_comp
cached 101/180: 03_Funk3-112-C#_comp
cached 102/180: 03_Funk3-98-A_comp
cached 103/180: 03_Jazz1-130-D_comp
cached 104/180: 03_Jazz1-200-B_comp
cached 105/180: 03_Jazz2-110-Bb_comp
cached 106/180: 03_Jazz2-187-F#_comp
cached 107/180: 03_Jazz3-137-Eb_comp
cached 108/180: 03_Jazz3-150-C_comp
cached 109/180: 03_Rock1-130-A_comp
cached 110/180: 03_Rock1-90-C#_comp
cached 111/180: 03_Rock2-142-D_comp
cached 112/180: 03_Rock2-85-F_comp
cached 113/180: 03_Rock3-117-Bb_comp
cached 114/180: 03_Rock3-148-C_comp
cached 115/180: 03_SS1-100-C#_comp
cached 116/180: 03_SS1-68-E_comp
cached 117/180: 03_SS2-107-Ab_comp
cached 118/180: 03_SS2-88-F_comp
cached 119/180: 03_SS3-84-Bb_comp
cached 120/180: 03_SS3-98-C_comp
cached 121/180: 04_BN1-129-Eb_comp
cached 122/180: 04_BN1-147-Gb_comp
cached 123/180: 04_BN2-131-B_comp
cached 124/180: 04_BN2-166-Ab_comp
cached 125/180: 04_BN3-119-G_comp
cached 126/180: 04_BN3-154-E_comp
cached 127/180: 04_Funk1-114-Ab_comp
cached 128/180: 04_Funk1-97-C_comp
cached 129/180: 04_Funk2-108-Eb_comp
cached 130/180: 04_Funk2-119-G_comp
cached 131/180: 04_Funk3-112-C#_comp
cached 132/180: 04_Funk3-98-A_comp
cached 133/180: 04_Jazz1-130-D_comp
cached 134/180: 04_Jazz1-200-B_comp
cached 135/180: 04_Jazz2-110-Bb_comp
cached 136/180: 04_Jazz2-187-F#_comp
cached 137/180: 04_Jazz3-137-Eb_comp
cached 138/180: 04_Jazz3-150-C_comp
cached 139/180: 04_Rock1-130-A_comp
cached 140/180: 04_Rock1-90-C#_comp
cached 141/180: 04_Rock2-142-D_comp
cached 142/180: 04_Rock2-85-F_comp
cached 143/180: 04_Rock3-117-Bb_comp
cached 144/180: 04_Rock3-148-C_comp
cached 145/180: 04_SS1-100-C#_comp
cached 146/180: 04_SS1-68-E_comp
cached 147/180: 04_SS2-107-Ab_comp
cached 148/180: 04_SS2-88-F_comp
cached 149/180: 04_SS3-84-Bb_comp
cached 150/180: 04_SS3-98-C_comp
cached 151/180: 05_BN1-129-Eb_comp
cached 152/180: 05_BN1-147-Gb_comp
cached 153/180: 05_BN2-131-B_comp
cached 154/180: 05_BN2-166-Ab_comp
cached 155/180: 05_BN3-119-G_comp
cached 156/180: 05_BN3-154-E_comp
cached 157/180: 05_Funk1-114-Ab_comp
cached 158/180: 05_Funk1-97-C_comp
cached 159/180: 05_Funk2-108-Eb_comp
cached 160/180: 05_Funk2-119-G_comp
cached 161/180: 05_Funk3-112-C#_comp
cached 162/180: 05_Funk3-98-A_comp
cached 163/180: 05_Jazz1-130-D_comp
cached 164/180: 05_Jazz1-200-B_comp
cached 165/180: 05_Jazz2-110-Bb_comp
cached 166/180: 05_Jazz2-187-F#_comp
cached 167/180: 05_Jazz3-137-Eb_comp
cached 168/180: 05_Jazz3-150-C_comp
cached 169/180: 05_Rock1-130-A_comp
cached 170/180: 05_Rock1-90-C#_comp
cached 171/180: 05_Rock2-142-D_comp
cached 172/180: 05_Rock2-85-F_comp
cached 173/180: 05_Rock3-117-Bb_comp
cached 174/180: 05_Rock3-148-C_comp
cached 175/180: 05_SS1-100-C#_comp
cached 176/180: 05_SS1-68-E_comp
cached 177/180: 05_SS2-107-Ab_comp
cached 178/180: 05_SS2-88-F_comp
cached 179/180: 05_SS3-84-Bb_comp
cached 180/180: 05_SS3-98-C_comp
train windows: 424, test windows: 212
baseline on test players: full-vocab 0.5495, majmin 0.7016
epoch 1: loss 1.2355, test full 0.6121, majmin 0.7098  <-- saved
epoch 2: loss 1.0802, test full 0.6475, majmin 0.7318  <-- saved
epoch 3: loss 0.9751, test full 0.6617, majmin 0.7293
epoch 4: loss 0.8788, test full 0.6733, majmin 0.7450  <-- saved
epoch 5: loss 0.8325, test full 0.6618, majmin 0.7300
epoch 6: loss 0.8393, test full 0.6799, majmin 0.7406
epoch 7: loss 0.7890, test full 0.7080, majmin 0.7667  <-- saved
epoch 8: loss 0.7474, test full 0.6995, majmin 0.7507
epoch 9: loss 0.7414, test full 0.7025, majmin 0.7552
epoch 10: loss 0.6977, test full 0.6901, majmin 0.7454
epoch 11: loss 0.6701, test full 0.6855, majmin 0.7392
epoch 12: loss 0.6518, test full 0.6928, majmin 0.7440
epoch 13: loss 0.6675, test full 0.7169, majmin 0.7705  <-- saved
epoch 14: loss 0.6096, test full 0.7207, majmin 0.7574
epoch 15: loss 0.5840, test full 0.7256, majmin 0.7650
epoch 16: loss 0.6220, test full 0.7274, majmin 0.7611
epoch 17: loss 0.5870, test full 0.7324, majmin 0.7651
epoch 18: loss 0.5733, test full 0.7332, majmin 0.7736  <-- saved
epoch 19: loss 0.5908, test full 0.7343, majmin 0.7723
epoch 20: loss 0.5722, test full 0.7553, majmin 0.7825  <-- saved
epoch 21: loss 0.5325, test full 0.7440, majmin 0.7703
epoch 22: loss 0.5256, test full 0.7414, majmin 0.7682
epoch 23: loss 0.5089, test full 0.7311, majmin 0.7592
epoch 24: loss 0.5174, test full 0.7369, majmin 0.7677
epoch 25: loss 0.5102, test full 0.7329, majmin 0.7612
epoch 26: loss 0.5170, test full 0.7620, majmin 0.7828  <-- saved
epoch 27: loss 0.5071, test full 0.7396, majmin 0.7711
epoch 28: loss 0.5163, test full 0.7596, majmin 0.7828
epoch 29: loss 0.4922, test full 0.7618, majmin 0.7846  <-- saved
epoch 30: loss 0.4795, test full 0.7562, majmin 0.7839
epoch 31: loss 0.4887, test full 0.7506, majmin 0.7757
epoch 32: loss 0.4612, test full 0.7546, majmin 0.7832
epoch 33: loss 0.4711, test full 0.7622, majmin 0.7824
epoch 34: loss 0.4642, test full 0.7601, majmin 0.7785
epoch 35: loss 0.4438, test full 0.7736, majmin 0.7901  <-- saved
epoch 36: loss 0.4761, test full 0.7589, majmin 0.7797
epoch 37: loss 0.4454, test full 0.7632, majmin 0.7820
epoch 38: loss 0.4459, test full 0.7729, majmin 0.7926  <-- saved
epoch 39: loss 0.4372, test full 0.7700, majmin 0.7926
epoch 40: loss 0.4292, test full 0.7550, majmin 0.7838
best test majmin: 0.7926 (baseline 0.7016)
